../Drivers/CMSIS/Include/core_cm7.h:2229:22:SCB_EnableICache	4	static,ignoring_inline_asm
../Drivers/CMSIS/Include/core_cm7.h:2281:22:SCB_EnableDCache	24	static,ignoring_inline_asm
../Core/Src/main.c:181:5:main	104	static
../Core/Src/main.c:292:6:SystemClock_Config	88	static
../Core/Src/main.c:345:13:MX_CRC_Init	8	static
../Core/Src/main.c:376:13:MX_DMA2D_Init	8	static
../Core/Src/main.c:413:13:MX_I2C3_Init	8	static
../Core/Src/main.c:461:13:MX_LTDC_Init	64	static
../Core/Src/main.c:523:13:MX_QUADSPI_Init	8	static
../Core/Src/main.c:561:13:MX_TIM4_Init	64	static
../Core/Src/main.c:624:13:MX_TIM8_Init	112	static
../Core/Src/main.c:712:13:MX_USART1_UART_Init	8	static
../Core/Src/main.c:747:13:MX_USART6_UART_Init	8	static
../Core/Src/main.c:780:13:MX_DMA_Init	16	static
../Core/Src/main.c:794:13:MX_FMC_Init	40	static
../Core/Src/main.c:903:13:MX_GPIO_Init	72	static
../Core/Src/main.c:953:6:StartDefaultTask	16	static
../Core/Src/main.c:971:6:StartHardwareTask	16	static
../Core/Src/main.c:990:6:StartGFXTask	16	static
../Core/Src/main.c:1011:6:StartTaskUartMsg	16	static
../Core/Src/main.c:1052:6:HAL_TIM_PeriodElapsedCallback	16	static
../Core/Src/main.c:1069:6:Error_Handler	4	static,ignoring_inline_asm
