../Core/Src/stm32f7xx_hal_msp.c:66:6:HAL_MspInit	16	static
../Core/Src/stm32f7xx_hal_msp.c:90:6:HAL_CRC_MspInit	24	static
../Core/Src/stm32f7xx_hal_msp.c:112:6:HAL_CRC_MspDeInit	16	static
../Core/Src/stm32f7xx_hal_msp.c:134:6:HAL_DMA2D_MspInit	24	static
../Core/Src/stm32f7xx_hal_msp.c:159:6:HAL_DMA2D_MspDeInit	16	static
../Core/Src/stm32f7xx_hal_msp.c:184:6:HAL_I2C_MspInit	176	static
../Core/Src/stm32f7xx_hal_msp.c:230:6:HAL_I2C_MspDeInit	16	static
../Core/Src/stm32f7xx_hal_msp.c:261:6:HAL_LTDC_MspInit	192	static
../Core/Src/stm32f7xx_hal_msp.c:378:6:HAL_LTDC_MspDeInit	16	static
../Core/Src/stm32f7xx_hal_msp.c:447:6:HAL_QSPI_MspInit	56	static
../Core/Src/stm32f7xx_hal_msp.c:510:6:HAL_QSPI_MspDeInit	16	static
../Core/Src/stm32f7xx_hal_msp.c:547:6:HAL_TIM_Base_MspInit	24	static
../Core/Src/stm32f7xx_hal_msp.c:574:6:HAL_TIM_MspPostInit	48	static
../Core/Src/stm32f7xx_hal_msp.c:629:6:HAL_TIM_Base_MspDeInit	16	static
../Core/Src/stm32f7xx_hal_msp.c:662:6:HAL_UART_MspInit	192	static
../Core/Src/stm32f7xx_hal_msp.c:776:6:HAL_UART_MspDeInit	16	static
../Core/Src/stm32f7xx_hal_msp.c:828:13:HAL_FMC_MspInit	32	static
../Core/Src/stm32f7xx_hal_msp.c:934:6:HAL_SDRAM_MspInit	16	static
../Core/Src/stm32f7xx_hal_msp.c:946:13:HAL_FMC_MspDeInit	8	static
../Core/Src/stm32f7xx_hal_msp.c:1020:6:HAL_SDRAM_MspDeInit	16	static
